python : EEEF..EEEE
At line:1 char:1
+ python -m unittest 
tests.test_logic_standalone 2>&1 > 
test_log.txt
+ ~~~~~~~~~~~~~~~~~~~~~~~~~~~~~~~~~~~~~~
~~~~~~~~~~~~~~~~~~~~~~~~~~~~
    + CategoryInfo          : NotSpecif 
   ied: (EEEF..EEEE:String) [], Remote  
  Exception
    + FullyQualifiedErrorId : NativeCom 
   mandError
 
========================================
==============================
ERROR: 
test_create_items_dexsanity_kanto (tests
.test_logic_standalone.TestPokepelagoLog
ic)
----------------------------------------
------------------------------
Traceback (most recent call last):
  File "C:\Users\stefa\Antigravity Proje
cts\Pokepelago\tests\test_logic_standalo
ne.py", line 165, in 
test_create_items_dexsanity_kanto
    self.world.create_items()
  File "C:\Users\stefa\Antigravity Proje
cts\Pokepelago\apworld\pokepelago\__init
__.py", line 490, in create_items
    pool_items.append(self.create_item(f
iller_name))
  File "C:\Users\stefa\Antigravity Proje
cts\Pokepelago\apworld\pokepelago\__init
__.py", line 213, in create_item
    return Item(name, classification, 
item_table[name], self.player)
KeyError: <MagicMock name='mock.random.c
hoices().__getitem__()' 
id='1957163755520'>

========================================
==============================
ERROR: test_excess_items_dropped (tests.
test_logic_standalone.TestPokepelagoLogi
c)
----------------------------------------
------------------------------
Traceback (most recent call last):
  File "C:\Users\stefa\Antigravity Proje
cts\Pokepelago\tests\test_logic_standalo
ne.py", line 389, in 
test_excess_items_dropped
    self.world.create_items()
  File "C:\Users\stefa\Antigravity Proje
cts\Pokepelago\apworld\pokepelago\__init
__.py", line 490, in create_items
    pool_items.append(self.create_item(f
iller_name))
  File "C:\Users\stefa\Antigravity Proje
cts\Pokepelago\apworld\pokepelago\__init
__.py", line 213, in create_item
    return Item(name, classification, 
item_table[name], self.player)
KeyError: <MagicMock name='mock.random.c
hoices().__getitem__()' 
id='1957164403728'>

========================================
==============================
ERROR: test_filler_balancing (tests.test
_logic_standalone.TestPokepelagoLogic)
----------------------------------------
------------------------------
Traceback (most recent call last):
  File "C:\Users\stefa\Antigravity Proje
cts\Pokepelago\tests\test_logic_standalo
ne.py", line 274, in 
test_filler_balancing
    self.world.create_items()
  File "C:\Users\stefa\Antigravity Proje
cts\Pokepelago\apworld\pokepelago\__init
__.py", line 490, in create_items
    pool_items.append(self.create_item(f
iller_name))
  File "C:\Users\stefa\Antigravity Proje
cts\Pokepelago\apworld\pokepelago\__init
__.py", line 213, in create_item
    return Item(name, classification, 
item_table[name], self.player)
KeyError: <MagicMock name='mock.random.c
hoices().__getitem__()' 
id='1957164686048'>

========================================
==============================
ERROR: test_startup_guarantee_priority (
tests.test_logic_standalone.TestPokepela
goLogic)
----------------------------------------
------------------------------
Traceback (most recent call last):
  File "C:\Users\stefa\Antigravity Proje
cts\Pokepelago\tests\test_logic_standalo
ne.py", line 315, in 
test_startup_guarantee_priority
    self.world.create_items()
  File "C:\Users\stefa\Antigravity Proje
cts\Pokepelago\apworld\pokepelago\__init
__.py", line 490, in create_items
    pool_items.append(self.create_item(f
iller_name))
  File "C:\Users\stefa\Antigravity Proje
cts\Pokepelago\apworld\pokepelago\__init
__.py", line 213, in create_item
    return Item(name, classification, 
item_table[name], self.player)
KeyError: <MagicMock name='mock.random.c
hoices().__getitem__()' 
id='1957165491312'>

========================================
==============================
ERROR: 
test_startup_guarantee_region_lock (test
s.test_logic_standalone.TestPokepelagoLo
gic)
----------------------------------------
------------------------------
Traceback (most recent call last):
  File "C:\Users\stefa\Antigravity Proje
cts\Pokepelago\tests\test_logic_standalo
ne.py", line 184, in 
test_startup_guarantee_region_lock
    self.world.create_items()
  File "C:\Users\stefa\Antigravity Proje
cts\Pokepelago\apworld\pokepelago\__init
__.py", line 490, in create_items
    pool_items.append(self.create_item(f
iller_name))
  File "C:\Users\stefa\Antigravity Proje
cts\Pokepelago\apworld\pokepelago\__init
__.py", line 213, in create_item
    return Item(name, classification, 
item_table[name], self.player)
KeyError: <MagicMock name='mock.random.c
hoices().__getitem__()' 
id='1957165983408'>

========================================
==============================
ERROR: 
test_startup_guarantee_type_lock_all (te
sts.test_logic_standalone.TestPokepelago
Logic)
----------------------------------------
------------------------------
Traceback (most recent call last):
  File "C:\Users\stefa\Antigravity Proje
cts\Pokepelago\tests\test_logic_standalo
ne.py", line 221, in 
test_startup_guarantee_type_lock_all
    self.world.create_items()
  File "C:\Users\stefa\Antigravity Proje
cts\Pokepelago\apworld\pokepelago\__init
__.py", line 490, in create_items
    pool_items.append(self.create_item(f
iller_name))
  File "C:\Users\stefa\Antigravity Proje
cts\Pokepelago\apworld\pokepelago\__init
__.py", line 213, in create_item
    return Item(name, classification, 
item_table[name], self.player)
KeyError: <MagicMock name='mock.random.c
hoices().__getitem__()' 
id='1957166314784'>

========================================
==============================
ERROR: 
test_startup_guarantee_type_lock_any (te
sts.test_logic_standalone.TestPokepelago
Logic)
----------------------------------------
------------------------------
Traceback (most recent call last):
  File "C:\Users\stefa\Antigravity Proje
cts\Pokepelago\tests\test_logic_standalo
ne.py", line 203, in 
test_startup_guarantee_type_lock_any
    self.world.create_items()
  File "C:\Users\stefa\Antigravity Proje
cts\Pokepelago\apworld\pokepelago\__init
__.py", line 490, in create_items
    pool_items.append(self.create_item(f
iller_name))
  File "C:\Users\stefa\Antigravity Proje
cts\Pokepelago\apworld\pokepelago\__init
__.py", line 213, in create_item
    return Item(name, classification, 
item_table[name], self.player)
KeyError: <MagicMock name='mock.random.c
hoices().__getitem__()' 
id='1957166613840'>

========================================
==============================
FAIL: test_goal_logic_caps (tests.test_l
ogic_standalone.TestPokepelagoLogic)
----------------------------------------
------------------------------
Traceback (most recent call last):
  File "C:\Users\stefa\Antigravity Proje
cts\Pokepelago\tests\test_logic_standalo
ne.py", line 344, in 
test_goal_logic_caps
    self.assertTrue(target_val <= 151, 
f"Goal amount {target_val} should be 
capped at 151")
AssertionError: False is not true : 
Goal amount 197 should be capped at 151

----------------------------------------
------------------------------
Ran 10 tests in 0.088s

FAILED (failures=1, errors=7)
Goal Target: 197
